// Jest Snapshot v1, https://goo.gl/fbAQLP

exports[`Testing UserCard component: Renders correctly. 1`] = `
<Col
  className="user-container"
  lg={6}
  md={8}
  sm={12}
  xl={6}
  xs={24}
>
  <Card>
    <Meta
      avatar={
        <Avatar
          shape="circle"
          size="default"
          src="https://randomuser.me/api/portraits/thumb/men/75.jpg"
        />
      }
      description={
        <Text
          className="truncate-text"
        >
          brad.gibson@example.com
        </Text>
      }
      title={
        <div>
          <Text
            className="truncate-text"
          >
            Brad Gibson
          </Text>
          <Text
            className="text-small truncate-text"
            disabled={true}
          >
             @silverswan131
          </Text>
        </div>
      }
    />
  </Card>
</Col>
`;
